# Moved files:
tests/move-only/missing.txt (from tests/move-only/moved.txt)
